
     Program POST-PROC v.7.2 starts on 18Sep2026 at  8:46:19 

     This program is part of the open-source Quantum ESPRESSO suite
     for quantum simulation of materials; please cite
         "P. Giannozzi et al., J. Phys.:Condens. Matter 21 395502 (2009);
         "P. Giannozzi et al., J. Phys.:Condens. Matter 29 465901 (2017);
         "P. Giannozzi et al., J. Chem. Phys. 152 154105 (2020);
          URL http://www.quantum-espresso.org", 
     in publications or presentations arising from this work. More details at
     http://www.quantum-espresso.org/quote

     Parallel version (MPI), running on    32 processors

     MPI processes distributed on     1 nodes
     R & G space division:  proc/nbgrp/npool/nimage =      32
     228832 MiB available memory on the printing compute node when the environment starts


     Reading xml data from directory:

     ./tmp/ZrFBr.save/
     file Zr.pbe-spn-kjpaw_psl.1.0.0.UPF: wavefunction(s)  4S 4P renormalized
     file F.pbe-n-kjpaw_psl.1.0.0.UPF: wavefunction(s)  2S 2P renormalized
     file Br.pbe-n-kjpaw_psl.1.0.0.UPF: wavefunction(s)  4S 4P renormalized

     IMPORTANT: XC functional enforced from input :
     Exchange-correlation= PBE
                           (   1   4   3   4   0   0   0)
     Any further DFT definition will be discarded
     Please, verify this is what you really want


     Parallelization info
     --------------------
     sticks:   dense  smooth     PW     G-vecs:    dense   smooth      PW
     Min          22      22      6                 1442     1442     220
     Max          23      23      7                 1450     1450     233
     Sum         721     721    211                46261    46261    7175

     Using Slab Decomposition


     Check: negative core charge=   -0.000002

     negative rho (up, down):  3.033E-05 0.000E+00

     Calling punch_plot, plot_num =  11
     Writing data to file  pot.dat
     Reading data from file  pot.dat

     Writing data to be plotted to file pot_1d.dat
     Min, Max, imaginary charge:   -18.059383    0.599194    0.000000
     Plot Type: 1D along a line        Output format: gnuplot      

     POST-PROC    :      0.58s CPU      0.74s WALL


   This run was terminated on:   8:46:20  18Sep2026            

=------------------------------------------------------------------------------=
   JOB DONE.
=------------------------------------------------------------------------------=
