============================================================
  Perhitungan Super-Dense Band Structure: ZrFBr
  Thu Sep 10 15:35:59 WIB 2026
============================================================
[1/4] Menjalankan SCF (32 Cores)...
[2/4] Menjalankan Super-Dense NSCF Bands (32 Cores, 4 K-point Pools)...
[3/4] Menjalankan Ekstraksi BANDS (bands.x)...
[4/4] Menjalankan Analisis Effective Mass & Plotting...
Membaca data Super-Dense Band Structure untuk ZrFBr...
Total pita terdeteksi: 36, titik k per pita: 361
==================================================
Hasil Analisis Super-Dense Band Structure: ZrFBr
==================================================
Kisi a               : 3.343942779 Angstrom
Fermi Energy         : 4.9605 eV
VBM Energy           : 4.3664 eV (pada x = 0.9107)
CBM Energy           : 5.5545 eV (pada x = 1.3329)
Band Gap (Indirect)  : 1.1881 eV
Massa Efektif Hole   : 0.6958 m_0
Massa Efektif Elec   : 1.2551 m_0
==================================================

Gambar disimpan sebagai BandStructure_SuperDense.png
============================================================
  Selesai! Seluruh tahap Super-Dense Band Structure berhasil.
  Thu Sep 10 15:37:34 WIB 2026
============================================================
