============================================================
  Mulai Perhitungan Regangan Kisi (DPT): ZrFBr
  Thu Sep 10 15:37:59 WIB 2026
============================================================
------------------------------------------------------------
  Memproses Arah: dir_x
------------------------------------------------------------
[INFO] Menghitung dir_x/eps_+0.000...
[INFO] Menghitung dir_x/eps_+0.005...
[INFO] Menghitung dir_x/eps_-0.005...
[INFO] Menghitung dir_x/eps_+0.010...
[INFO] Menghitung dir_x/eps_-0.010...
[INFO] Menghitung dir_x/eps_+0.015...
[INFO] Menghitung dir_x/eps_-0.015...
------------------------------------------------------------
  Memproses Arah: dir_y
------------------------------------------------------------
[INFO] Menghitung dir_y/eps_+0.000...
[INFO] Menghitung dir_y/eps_+0.005...
[INFO] Menghitung dir_y/eps_-0.005...
[INFO] Menghitung dir_y/eps_+0.010...
[INFO] Menghitung dir_y/eps_-0.010...
[INFO] Menghitung dir_y/eps_+0.015...
[INFO] Menghitung dir_y/eps_-0.015...
------------------------------------------------------------
  Menganalisis Hasil Regangan (C, E_1, tau, mu)...
------------------------------------------------------------
Plot disimpan sebagai Strain_Fitting.png
Analisis selesai! Rangkuman disimpan di DPT_results.txt
============================================================
  Selesai Seluruh Perhitungan Regangan ZrFBr!
  Thu Sep 10 16:16:41 WIB 2026
============================================================
